resources:
    -
        url: 'http://localhost:2011/api/v1/people/1.json'
        status_code: 200
        content:
            values:
                id: 1
                name: 'Douglas Menendez'
