resources:
    -
        uri: 'http://localhost:2011/api/v1/people/1.json'
        content:
            values:
                id: 1
                name: 'Douglas Menendez'
        status: 200
